WrongValue.java:25:5: compiler.err.prob.found.req: (compiler.misc.inconvertible.types: TestM3, TestM2)
1 error
