Static2NonStaticImportClash.java:11:1: compiler.err.already.defined.single.import: p2.A2.f
1 error
