img.currentSrc default value: ''
object.data default value: ''
