T6932571neg.java:16:19: compiler.err.prob.found.req: (compiler.misc.inconvertible.types: T6932571neg.S, G)
1 error
