StuckLambdas.java:27:20: compiler.warn.local.redundant.type
StuckLambdas.java:30:64: compiler.warn.local.redundant.type
2 warnings
