Done: false
HELLO, WORLD!
Done: false
Enqueued in flush, this the last chunk that will be processed.
Done: true
