BadTwr.java:12:46: compiler.err.already.defined: kindname.variable, r1, kindname.method, main(java.lang.String...)
BadTwr.java:17:20: compiler.err.already.defined: kindname.variable, args, kindname.method, main(java.lang.String...)
BadTwr.java:20:13: compiler.err.cant.assign.val.to.final.var: thatsIt
BadTwr.java:25:24: compiler.err.already.defined: kindname.variable, name, kindname.method, main(java.lang.String...)
4 errors
