T7151070.java:17:24: compiler.err.report.access: T7151070a.PrivateCls, private, T7151070a
1 error
