T8016640.java:9:39: compiler.err.wrong.number.type.args: 2
1 error
