InitialContainingBlock <#document> at (0,0) content-size 800x600 children: not-inline
  BlockContainer <html.js> at (0,0) content-size 800x200 children: not-inline
    BlockContainer <body> at (0,0) content-size 800x50 children: not-inline
      BlockContainer <div#page> at (50,50) content-size 750x0 children: not-inline
        BlockContainer <div#content_box> at (50,50) content-size 400x150 floating children: inline
          BlockContainer <article.first> at (50,50) content-size 300x100 floating children: inline
            line 0 width: 36.03125, height: 17.46875, bottom: 17.46875, baseline: 13.53125
              frag 0 from TextNode start: 0, length: 5, rect: [50,50 36.03125x17.46875]
                "first"
            TextNode <#text>
          BlockContainer <article.second> at (50,150) content-size 200x50 floating children: inline
            line 0 width: 54.78125, height: 17.46875, bottom: 17.46875, baseline: 13.53125
              frag 0 from TextNode start: 0, length: 6, rect: [50,150 54.78125x17.46875]
                "second"
            TextNode <#text>
          TextNode <#text>
      BlockContainer <(anonymous)> at (0,50) content-size 800x0 children: inline
        TextNode <#text>
