Viewport <#document> at (0,0) content-size 800x600 children: not-inline
  BlockContainer <html> at (0,0) content-size 800x35.46875 [BFC] children: not-inline
    BlockContainer <body> at (8,8) content-size 784x19.46875 children: not-inline
      BlockContainer <div> at (9,9) content-size 782x17.46875 children: inline
        line 0 width: 147.1875, height: 17.46875, bottom: 17.46875, baseline: 13.53125
          frag 0 from TextNode start: 0, length: 20, rect: [9,9 147.1875x17.46875]
            "Well, hello friends!"
        TextNode <#text>

ViewportPaintable (Viewport<#document>) [0,0 800x600]
  PaintableWithLines (BlockContainer<HTML>) [0,0 800x35.46875]
    PaintableWithLines (BlockContainer<BODY>) [8,8 784x19.46875]
      PaintableWithLines (BlockContainer<DIV>) [8,8 784x19.46875]
        TextPaintable (TextNode<#text>)
