IncompleteArray.java:11:13: compiler.err.illegal.start.of.type
1 error
